// Jest Snapshot v1, https://goo.gl/fbAQLP

exports[`renders correctly 1`] = `
<tr>
  <td
    className="bold-text mission-name"
  >
    Test Mission
  </td>
  <td
    className="description"
  >
     This is a test mission
  </td>
  <td
    className="center-content"
  >
    <span
      className="badge bg-primary"
    >
      Active Member
    </span>
  </td>
  <td
    className="center-content"
  >
    <button
      className="btn btn-outline-danger"
      disabled={false}
      onClick={[Function]}
      type="button"
    >
      Leave Mission
    </button>
  </td>
</tr>
`;
